{"test_assets/logo.png": "3218eafae1ceaaac5318b49d94cf1bdc648fb38a"}